$ kubectl apply -f container-non-root-user-error.yaml
pod/non-root-error created
$ kubectl get pod non-root-error
NAME             READY   STATUS                       RESTARTS   AGE
non-root-error   0/1     CreateContainerConfigError   0          9s


$ kubectl describe pod non-root-error
...
Events:
  Type     Reason     Age               From               Message
  ----     ------     ----              ----               -------
  Normal   Scheduled  24s               default-scheduler  Successfully \
  assigned default/non-root to minikube
  Normal   Pulling    24s               kubelet            Pulling image \
  "nginx:1.23.1"
  Normal   Pulled     16s               kubelet            Successfully \
  pulled image "nginx:1.23.1" in 7.775950615s
  Warning  Failed     4s (x3 over 16s)  kubelet            Error: container \
  has runAsNonRoot and image will run as root (pod: "non-root-error_default \
  (6ed9ed71-1002-4dc2-8cb1-3423f86bd144)", container: secured-container)
  Normal   Pulled     4s (x2 over 16s)  kubelet            Container image \
  "nginx:1.23.1" already present on machine


  $ kubectl apply -f container-non-root-user-success.yaml
pod/non-root-success created
$ kubectl get pod non-root-success
NAME               READY   STATUS    RESTARTS   AGE
non-root-success   1/1     Running   0          7s


$ kubectl exec non-root-success -it -- /bin/sh
$ id
uid=1001 gid=0(root) groups=0(root)
$ exit


$ kubectl apply -f container-user-id.yaml
pod/user-id created
$ kubectl get pods user-id
NAME      READY   STATUS    RESTARTS   AGE
user-id   1/1     Running   0          6s


$ kubectl exec user-id -it -- /bin/sh
/ $ id
uid=1000 gid=3000 groups=3000
/ $ touch test.txt
touch: test.txt: Permission denied
/ $ touch /tmp/test.txt
/ $ exit


$ kubectl apply -f non-privileged.yaml
pod/non-privileged created
$ kubectl get pods
NAME             READY   STATUS    RESTARTS   AGE
non-privileged   1/1     Running   0          6s


$ kubectl exec non-privileged -it -- /bin/sh
/ # sysctl kernel.hostname=test
sysctl: error setting key 'kernel.hostname': Read-only file system
/ # exit


$ kubectl apply -f privileged.yaml
pod/privileged created
$ kubectl get pod privileged
NAME         READY   STATUS    RESTARTS   AGE
privileged   1/1     Running   0          6s


